 
 gcc -g p3original.c
 gdb a.out
GNU gdb (Ubuntu 8.1.1-0ubuntu1) 8.1.1
Copyright (C) 2018 Free Software Foundation, Inc.
License GPLv3+: GNU GPL version 3 or later <http://gnu.org/licenses/gpl.html>
This is free software: you are free to change and redistribute it.
There is NO WARRANTY, to the extent permitted by law.  Type "show copying"
and "show warranty" for details.
This GDB was configured as "x86_64-linux-gnu".
Type "show configuration" for configuration details.
For bug reporting instructions, please see:
<http://www.gnu.org/software/gdb/bugs/>.
Find the GDB manual and other documentation resources online at:
<http://www.gnu.org/software/gdb/documentation/>.
For help, type "help".
Type "apropos word" to search for commands related to "word"...
Reading symbols from a.out...done.
(gdb) b main
Breakpoint 1 at 0x7fc: file p3original.c, line 17.
(gdb) r
Starting program: /home/runner/pps-test1-Vpt03-1/a.out 
warning: Error disabling address space randomization: Operation not permitted

Breakpoint 1, main () at p3original.c:17
17  {
(gdb) s
19    input(&a, &b);
(gdb) s
input (a=0x7ffc5690a01c, b=0x7ffc5690a020) at p3original.c:5
5     printf("enter a number\n");
(gdb) n
enter a number
6     scanf("%d%d",a,b);
(gdb) n
5
4
7   }
(gdb) n
main () at p3original.c:20
20    add(a,b,&sum);
(gdb) n
21    output(a,b,sum);
(gdb) s
output (a=5, b=4, sum=9) at p3original.c:14
14    printf("addition of %d + %d is= %d \n",a,b,sum);
(gdb) n
addition of 5 + 4 is= 9 
15  }
(gdb) s
main () at p3original.c:22
22    return 0;
(gdb) s
23  }(gdb) q
A debugging session is active.

    Inferior 1 [process 205] will be killed.

Quit anyway? (y or n) y
 